<html>
<body>
<pre>
<h1>µVision Build Log</h1>
<h2>Tool Versions:</h2>
IDE-Version: µVision V5.24.2.0
Copyright (C) 2017 ARM Ltd and ARM Germany GmbH. All rights reserved.
License Information: UW Madison CAE Flex license: MDK-ARM Professional: 300 user(s) (mdk_pro) Operation stops: 26 Jul 2018
 
Tool Versions:
Toolchain:       MDK-ARM Professional: 300 user(s)  Version: 5.24.1
Toolchain Path:  C:\Keil_v5\ARM\ARMCC\Bin
C Compiler:      Armcc.exe V5.06 update 5 (build 528)
Assembler:       Armasm.exe V5.06 update 5 (build 528)
Linker/Locator:  ArmLink.exe V5.06 update 5 (build 528)
Library Manager: ArmAr.exe V5.06 update 5 (build 528)
Hex Converter:   FromElf.exe V5.06 update 5 (build 528)
CPU DLL:         SARMCM3.DLL V5.24.1
Dialog DLL:      DCM.DLL V1.16.0.0
Target DLL:      lmidk-agdi.dll V???
Dialog DLL:      TCM.DLL V1.32.0.0
 
<h2>Project:</h2>
I:\ECE353\353Project\BoS.uvprojx
Project File Date:  04/27/2018

<h2>Output:</h2>
*** Using Compiler 'V5.06 update 5 (build 528)', folder: 'C:\Keil_v5\ARM\ARMCC\Bin'
Rebuild target 'HW2'
compiling images.c...
images.h(34): warning:  #1-D: last line of file ends without a newline
  #endif
images.c: 1 warning, 0 errors
compiling main.c...
images.h(34): warning:  #1-D: last line of file ends without a newline
  #endif
actors.h(88): warning:  #1-D: last line of file ends without a newline
  #endif
..\peripherals\include\eeprom.h(9): warning:  #47-D: incompatible redefinition of macro "MCP24LC32AT_DEV_ID"  (declared at line 10 of "MCP23017.h")
  #define MCP24LC32AT_DEV_ID			0x50
main.c: 3 warnings, 0 errors
compiling actors.c...
images.h(34): warning:  #1-D: last line of file ends without a newline
  #endif
actors.h(88): warning:  #1-D: last line of file ends without a newline
  #endif
actors.c(58): warning:  #177-D: variable "button_count"  was declared but never referenced
  	static uint8_t button_count = 0;
actors.c: 3 warnings, 0 errors
compiling MCP23017.c...
MCP23017.c(123): warning:  #550-D: variable "status"  was set but never used
    i2c_status_t status;
MCP23017.c(174): warning:  #940-D: missing return statement at end of non-void function "mcp_init" 
  }
MCP23017.c: 2 warnings, 0 errors
compiling gpio_port.c...
..\drivers\c\gpio_port.c(82): warning:  #188-D: enumerated type mixed with another type
         return 0;
..\drivers\c\gpio_port.c(432): warning:  #177-D: variable "gpioPort"  was declared but never referenced
    GPIOA_Type  *gpioPort;
..\drivers\c\gpio_port.c: 2 warnings, 0 errors
compiling adc.c...
compiling timers.c...
..\drivers\c\timers.c(328): warning:  #1-D: last line of file ends without a newline
  }
..\drivers\c\timers.c(328): warning:  #940-D: missing return statement at end of non-void function "pwm_timer_config" 
  }
..\drivers\c\timers.c: 2 warnings, 0 errors
compiling i2c.c...
compiling launchpad_io.c...
compiling lcd.c...
compiling ps2.c...
compiling eeprom.c...
..\peripherals\c\eeprom.c(122): warning:  #550-D: variable "status"  was set but never used
    i2c_status_t status;
..\peripherals\c\eeprom.c: 1 warning, 0 errors
assembling startup_TM4C123.s...
compiling system_TM4C123.c...
linking...
Program Size: Code=10240 RO-data=1432 RW-data=100 ZI-data=4100  
".\obj\ece353_base_project.axf" - 0 Error(s), 14 Warning(s).

<h2>Software Packages used:</h2>

Package Vendor: ARM
                http://www.keil.com/pack/ARM.CMSIS.5.0.1.pack
                ARM.CMSIS.5.0.1
                CMSIS (Cortex Microcontroller Software Interface Standard)
   * Component: CORE Version: 5.0.1

Package Vendor: Keil
                http://www.keil.com/pack/Keil.TM4C_DFP.1.1.0.pack
                Keil.TM4C_DFP.1.1.0
                Texas Instruments Tiva C Series Device Support and Examples
   * Component: Startup Version: 1.0.1

<h2>Collection of Component include folders:</h2>
  .\RTE\_HW2
  C:\Keil_v5\ARM\PACK\ARM\CMSIS\5.0.1\CMSIS\Include
  C:\Keil_v5\ARM\PACK\Keil\TM4C_DFP\1.1.0\Device\Include\TM4C123

<h2>Collection of Component Files used:</h2>

   * Component: Keil::Device:Startup:1.0.1
      Include file:  Device\Include\TM4C123\TM4C123.h
      Source file:   Device\Source\system_TM4C123.c
      Source file:   Device\Source\ARM\startup_TM4C123.s

   * Component: ARM::CMSIS:CORE:5.0.1
Build Time Elapsed:  00:00:13
</pre>
</body>
</html>
